# serializer version: 1
# name: test_query_all_forms[First result-1st-float]
  dict({
    'allForms': dict({
      'edges': list([
        dict({
          'node': dict({
            'description': 'First result',
            'id': 'Rm9ybTplbnZpcm9ubWVudGFsLXRlbg==',
            'meta': dict({
            }),
            'name': '1st',
            'questions': dict({
              'edges': list([
                dict({
                  'node': dict({
                    'id': 'RmxvYXRRdWVzdGlvbjpyZWR1Y2UtYWdhaW5zdA==',
                    'label': 'Derek Mendoza',
                    'slug': 'reduce-against',
                  }),
                }),
              ]),
            }),
            'slug': 'environmental-ten',
          }),
        }),
        dict({
          'node': dict({
            'description': 'Second result',
            'id': 'Rm9ybTpsb3NzLWxlYXJu',
            'meta': dict({
            }),
            'name': '2nd',
            'questions': dict({
              'edges': list([
              ]),
            }),
            'slug': 'loss-learn',
          }),
        }),
        dict({
          'node': dict({
            'description': 'Second result',
            'id': 'Rm9ybTpzb25nLWxpZ2h0',
            'meta': dict({
            }),
            'name': '3rd',
            'questions': dict({
              'edges': list([
              ]),
            }),
            'slug': 'song-light',
          }),
        }),
      ]),
    }),
  })
# ---
# name: test_remove_form_question
  dict({
    'removeFormQuestion': dict({
      'clientMutationId': None,
      'form': dict({
        'questions': dict({
          'edges': list([
          ]),
        }),
      }),
    }),
  })
# ---
# name: test_save_form[-de]
  dict({
    'saveForm': dict({
      'clientMutationId': 'testid',
      'form': dict({
        'id': 'Rm9ybTplbnZpcm9ubWVudGFsLXRlbg==',
        'meta': dict({
        }),
        'name': 'Bonnie Moreno',
        'slug': 'environmental-ten',
      }),
    }),
  })
# ---
# name: test_save_form[-en]
  dict({
    'saveForm': dict({
      'clientMutationId': 'testid',
      'form': dict({
        'id': 'Rm9ybTplbnZpcm9ubWVudGFsLXRlbg==',
        'meta': dict({
        }),
        'name': 'Bonnie Moreno',
        'slug': 'environmental-ten',
      }),
    }),
  })
# ---
# name: test_save_form[some description text-de]
  dict({
    'saveForm': dict({
      'clientMutationId': 'testid',
      'form': dict({
        'id': 'Rm9ybTplbnZpcm9ubWVudGFsLXRlbg==',
        'meta': dict({
        }),
        'name': 'Bonnie Moreno',
        'slug': 'environmental-ten',
      }),
    }),
  })
# ---
# name: test_save_form[some description text-en]
  dict({
    'saveForm': dict({
      'clientMutationId': 'testid',
      'form': dict({
        'id': 'Rm9ybTplbnZpcm9ubWVudGFsLXRlbg==',
        'meta': dict({
        }),
        'name': 'Bonnie Moreno',
        'slug': 'environmental-ten',
      }),
    }),
  })
# ---
