# serializer version: 1
# name: test_save_option
  dict({
    'saveOption': dict({
      'option': dict({
        'label': 'Bonnie Moreno',
        'slug': 'environmental-ten',
      }),
    }),
  })
# ---
